Start unit test2.m3
[32mFM3: [0mtest2.m3 Compiling /home/rodney/proj/m3/fm3/git/fm3tests/src/e10/e1002/src/test2.m3...
[32mFM3: [0mtest2.m3 Pass 1 output file test2.m3.FM3Pass1 has 683 bytes.
[32mFM3: [0mtest2.m3 Patch stack test2.m3.FM3Patch peak size = 58 bytes.
[32mFM3: [0mtest2.m3 Pass 2 output file test2.m3.FM3Pass2 has 420 bytes.
[32mFM3: [0mtest2.m3 Finished compiling test2.m3.
End unit test2.m3
