[32mFM3:   [0mCompiling with command line: 
         /home/rodney/proj/m3/fm3/git/compiler/AMD64_LINUX/FM3 --no-disasm-verbose --disasm --exprs --no-expr-addrs --no-std-sources Main.m3"
[32mFM3:   [0mGetting dependencies of 
         /home/rodney/proj/m3/fm3/git/fm3tests/src/e10/e1005/src/Main.m3 ...
[32mFM3:   [0mGetting dependencies of 
         /home/rodney/proj/m3/fm3/git/fm3tests/src/e10/e1005/src/Lotsa.i3 ...
[32mFM3:   [0mCompiling Lotsa.i3 ...
[32mFM3:   [0mFinished compiling Lotsa.i3.
[32mFM3:   [0mGetting dependencies of 
         /home/rodney/proj/m3/fm3/git/fm3tests/src/e10/e1005/src/Intf.i3 ...
[32mFM3:   [0mGetting dependencies of 
         /home/rodney/proj/m3/fm3/git/fm3tests/src/e10/e1005/src/Level2.i3 ...
[32mFM3:   [0mCompiling Level2.i3 ...
[32mFM3:   [0mFinished compiling Level2.i3.
[32mFM3:   [0mCompiling Intf.i3 ...
[32mFM3:   [0mFinished compiling Intf.i3.
[32mFM3:   [0mCompiling Main.m3 ...
[32mFM3:   [0mFinished compiling Main.m3.
