[32mINFO:  [0mMain.m3 Pass 1 output file Main.m3.FM3Pass1 has 1410 bytes.
[31mERROR: [0mMain.m3[5,8] Illegal recursive declarations: "A", also involving
       "B" [6,8]
       "C" [7,8]
       "D" [9,8]
       "E" [10,8]
       "F" [11,8]
       "G" [12,8]
       "H" [13,8]
       "I" [14,8]
       "J" [15,8]
       "K" [17,8]
       "L" [18,8]
       "M" [19,8]
       "N" [21,8]
       "O" [22,8]
       "P" [23,8]
       "S" [27,8]
       "Q" [24,8]
       "R" [26,8]
[32mINFO:  [0mMain.m3 Patch stack Main.m3.FM3Patch peak size = 39 bytes.
[32mINFO:  [0mMain.m3 Pass 2 output file Main.m3.FM3Pass2 has 750 bytes.
