 ItkEOF()
 ItkRightEnd()
 ItkModuleLtPatch(C4,L1(16_1),[1,0])
 ItkModuleBeginPatch(C556,L1(16_1),[21,2])
 ItkModuleRt(L1(16_1),[1,0])
 ItkDeclScopeRt(L1(16_1))
 ItkOpenScopeRt(L1(16_1))
 ItkStmtListRt(L0(16_0),[23,0])
 ItkStmtListLt(L0(16_0),[23,0])
 ItkOpenDeclListLtPatch(C10,L7(16_7),[7,2])
 ItkOpenDeclListRt(L7(16_7),[7,2])
 ItkVarDeclLtPatch(C299,[20,6])
 ItkVarDeclRt([20,6])
 ItkBinaryOpLtPatch(C338,L68(16_44),[20,11])
 ItkBinaryOpRt(L68(16_44),[20,11])
 ItkCallLtPatch(C413,L1(16_1),[20,29])
 ItkCallActualsPatch(C419,L1(16_1),[20,29])
 ItkCallRt(L1(16_1),[20,29])
 ItkActualsListLtPatch(C419,L1(16_1),[20,29])
 ItkActualsListRt(L1(16_1),[20,29])
 ItkAnonActualLtPatch(C419,[20,31])
 ItkAnonActualRt([20,31])
 ItkBinaryOpLtPatch(C419,L41(16_29),[20,31])
 ItkBinaryOpRt(L41(16_29),[20,31])
 ItkIdRefAtom(Id7"F",[20,46])
 ItkBinaryOpOperator(L41(16_29),[20,43])
 ItkBinaryOpLtPatch(C419,L5(16_5),[20,31])
 ItkBinaryOpRt(L5(16_5),[20,31])
 ItkIdRefAtom(Id6"E",[20,41])
 ItkBinaryOpOperator(L5(16_5),[20,37])
 ItkUnaryOpLtPatch(C419,L38(16_26),[20,31])
 ItkUnaryOpRt(L38(16_26),[20,31])
 ItkIdRefAtom(Id5"D",[20,35])
 ItkReservedIdRef(Rid"ORD",[20,25])
 ItkBinaryOpOperator(L68(16_44),[20,23])
 ItkBinaryOpLtPatch(C338,L87(16_57),[20,11])
 ItkBinaryOpRt(L87(16_57),[20,11])
 ItkIdRefAtom(Id4"C",[20,21])
 ItkBinaryOpOperator(L87(16_57),[20,19])
 ItkBinaryOpLtPatch(C338,L90(16_5a),[20,11])
 ItkBinaryOpRt(L90(16_5a),[20,11])
 ItkIdRefAtom(Id3"B",[20,17])
 ItkBinaryOpOperator(L90(16_5a),[20,15])
 ItkUnaryOpLtPatch(C338,L110(16_6e),[20,11])
 ItkUnaryOpRt(L110(16_6e),[20,11])
 ItkIdRefAtom(Id2"A",[20,13])
 ItkVarDeclValue([20,8])
 ItkDeclTypeAbsent([20,8])
 ItkVarDeclType([20,6])
 ItkVarDeclIdListLtPatch(C299,L1(16_1),[20,6])
 ItkVarDeclIdListRt(L1(16_1),[20,6])
 ItkDeclId(L10(16_a),Id8"V",L-9223372036854775808(16_8000000000000000),[20,6])
 ItkOpenDeclListSep(L6(16_6),[7,2])
 ItkConstDeclLtPatch(C251,[17,8])
 ItkConstDeclRt([17,8])
 ItkReservedIdRef(Rid"TRUE",[17,12])
 ItkConstDeclValue([17,10])
 ItkDeclTypeAbsent([17,10])
 ItkConstDeclType([17,10])
 ItkDeclId(L9(16_9),Id7"F",L-9223372036854775808(16_8000000000000000),[17,8])
 ItkOpenDeclListSep(L5(16_5),[7,2])
 ItkConstDeclLtPatch(C203,[15,8])
 ItkConstDeclRt([15,8])
 ItkReservedIdRef(Rid"FALSE",[15,12])
 ItkConstDeclValue([15,10])
 ItkDeclTypeAbsent([15,10])
 ItkConstDeclType([15,10])
 ItkDeclId(L9(16_9),Id6"E",L-9223372036854775808(16_8000000000000000),[15,8])
 ItkOpenDeclListSep(L4(16_4),[7,2])
 ItkConstDeclLtPatch(C155,[13,8])
 ItkConstDeclRt([13,8])
 ItkReservedIdRef(Rid"TRUE",[13,12])
 ItkConstDeclValue([13,10])
 ItkDeclTypeAbsent([13,10])
 ItkConstDeclType([13,10])
 ItkDeclId(L9(16_9),Id5"D",L-9223372036854775808(16_8000000000000000),[13,8])
 ItkOpenDeclListSep(L3(16_3),[7,2])
 ItkConstDeclLtPatch(C106,[11,8])
 ItkConstDeclRt([11,8])
 ItkLiteral(96 StkIntLit,(16_3),[11,12])
 ItkConstDeclValue([11,10])
 ItkDeclTypeAbsent([11,10])
 ItkConstDeclType([11,10])
 ItkDeclId(L9(16_9),Id4"C",L-9223372036854775808(16_8000000000000000),[11,8])
 ItkOpenDeclListSep(L2(16_2),[7,2])
 ItkConstDeclLtPatch(C58,[9,8])
 ItkConstDeclRt([9,8])
 ItkLiteral(96 StkIntLit,(16_2),[9,12])
 ItkConstDeclValue([9,10])
 ItkDeclTypeAbsent([9,10])
 ItkConstDeclType([9,10])
 ItkDeclId(L9(16_9),Id3"B",L-9223372036854775808(16_8000000000000000),[9,8])
 ItkOpenDeclListSep(L1(16_1),[7,2])
 ItkConstDeclLtPatch(C10,[7,8])
 ItkConstDeclRt([7,8])
 ItkLiteral(96 StkIntLit,(16_1),[7,12])
 ItkConstDeclValue([7,10])
 ItkDeclTypeAbsent([7,10])
 ItkConstDeclType([7,10])
 ItkDeclId(L9(16_9),Id2"A",L-9223372036854775808(16_8000000000000000),[7,8])
 ItkOpenScopeLt(L1(16_1))
 ItkDeclScopeLt(L1(16_1))
 ItkLeftEnd()
 ItkBOF()
     0
