 ItkEOF()
 ItkRightEnd()
 ItkModuleLtPatch(C4,L1(16_1),[1,0])
 ItkModuleBeginPatch(C612,L1(16_1),[33,2])
 ItkModuleRt(L1(16_1),[1,0])
 ItkDeclScopeRt(L1(16_1))
 ItkOpenScopeRt(L1(16_1))
 ItkStmtListRt(L0(16_0),[34,2])
 ItkStmtListLt(L0(16_0),[34,2])
 ItkOpenDeclListLtPatch(C10,L1(16_1),[9,2])
 ItkOpenDeclListRt(L1(16_1),[9,2])
 ItkProcDefLtPatch(C10,Id5"P",[9,2])
 ItkProcDefRt(Id5"P",[31,8])
 ItkOpenScopeRt(L2(16_2))
 ItkDeclScopeRt(L3(16_3))
 ItkOpenScopeRt(L3(16_3))
 ItkStmtListLtPatch(C388,L5(16_5),[24,6])
 ItkStmtListRt(L5(16_5),[24,6])
 ItkBecomesLtPatch(C543,[30,8])
 ItkBecomesInfixPatch(C548,[30,8])
 ItkBecomesRt([30,8])
 ItkIdRefAtom(Id4"IC",[30,11])
 ItkIdRefAtom(Id6"V",[30,6])
 ItkStmtListSep(L4(16_4),[30,4])
 ItkBecomesLtPatch(C512,[29,8])
 ItkBecomesInfixPatch(C517,[29,8])
 ItkBecomesRt([29,8])
 ItkIdRefAtom(Id3"IA1",[29,11])
 ItkIdRefAtom(Id6"V",[29,6])
 ItkStmtListSep(L3(16_3),[29,4])
 ItkBecomesLtPatch(C481,[28,8])
 ItkBecomesInfixPatch(C486,[28,8])
 ItkBecomesRt([28,8])
 ItkIdRefAtom(Id2"I1",[28,11])
 ItkIdRefAtom(Id6"V",[28,6])
 ItkStmtListSep(L2(16_2),[28,4])
 ItkBecomesLtPatch(C450,[26,8])
 ItkBecomesInfixPatch(C455,[26,8])
 ItkBecomesRt([26,8])
 ItkIdRefAtom(Id9"M3",[26,11])
 ItkIdRefAtom(Id6"V",[26,6])
 ItkStmtListSep(L1(16_1),[26,4])
 ItkBecomesLtPatch(C419,[25,8])
 ItkBecomesInfixPatch(C424,[25,8])
 ItkBecomesRt([25,8])
 ItkIdRefAtom(Id8"MV2",[25,11])
 ItkIdRefAtom(Id6"V",[25,6])
 ItkStmtListSep(L0(16_0),[25,4])
 ItkBecomesLtPatch(C388,[24,8])
 ItkBecomesInfixPatch(C393,[24,8])
 ItkBecomesRt([24,8])
 ItkIdRefAtom(Id7"MV1",[24,11])
 ItkIdRefAtom(Id6"V",[24,6])
 ItkOpenDeclListLtPatch(C78,L4(16_4),[11,4])
 ItkOpenDeclListRt(L4(16_4),[11,4])
 ItkSkipLtPatch(C349,L3(16_3))
 ItkSkipRt(L3(16_3))
 ItkLiteral(96 StkIntLit,(16_5),[20,15])
 ItkConstDeclValue([20,13])
 ItkDeclTypeAbsent([20,13])
 ItkConstDeclType([20,13])
 ItkOpenDeclListSep(L4(16_4),[11,4])
 ItkSkipLtPatch(C317,L2(16_2))
 ItkSkipRt(L2(16_2))
 ItkLiteral(96 StkIntLit,(16_4),[19,16])
 ItkConstDeclValue([19,14])
 ItkDeclTypeAbsent([19,14])
 ItkConstDeclType([19,14])
 ItkOpenDeclListSep(L4(16_4),[11,4])
 ItkSkipLtPatch(C285,L1(16_1))
 ItkSkipRt(L1(16_1))
 ItkLiteral(96 StkIntLit,(16_3),[18,15])
 ItkConstDeclValue([18,13])
 ItkDeclTypeAbsent([18,13])
 ItkConstDeclType([18,13])
 ItkOpenDeclListSep(L4(16_4),[11,4])
 ItkConstDeclLtPatch(C236,[16,10])
 ItkConstDeclRt([16,10])
 ItkLiteral(96 StkIntLit,(16_2),[16,15])
 ItkConstDeclValue([16,13])
 ItkDeclTypeAbsent([16,13])
 ItkConstDeclType([16,13])
 ItkDeclId(L9(16_9),Id9"M3",L-9223372036854775808(16_8000000000000000),[16,10])
 ItkOpenDeclListSep(L3(16_3),[11,4])
 ItkConstDeclLtPatch(C187,[15,10])
 ItkConstDeclRt([15,10])
 ItkLiteral(96 StkIntLit,(16_1),[15,16])
 ItkConstDeclValue([15,14])
 ItkDeclTypeAbsent([15,14])
 ItkConstDeclType([15,14])
 ItkDeclId(L9(16_9),Id8"MV2",L-9223372036854775808(16_8000000000000000),[15,10])
 ItkOpenDeclListSep(L2(16_2),[11,4])
 ItkConstDeclLtPatch(C138,[14,10])
 ItkConstDeclRt([14,10])
 ItkLiteral(96 StkIntLit,(16_0),[14,16])
 ItkConstDeclValue([14,14])
 ItkDeclTypeAbsent([14,14])
 ItkConstDeclType([14,14])
 ItkDeclId(L9(16_9),Id7"MV1",L-9223372036854775808(16_8000000000000000),[14,10])
 ItkOpenDeclListSep(L1(16_1),[11,4])
 ItkVarDeclLtPatch(C78,[11,8])
 ItkVarDeclRt([11,8])
 ItkDeclValAbsent([14,2])
 ItkVarDeclValue([11,10])
 ItkReservedIdRef(Rid"INTEGER",[11,12])
 ItkVarDeclType([11,8])
 ItkVarDeclIdListLtPatch(C78,L1(16_1),[11,8])
 ItkVarDeclIdListRt(L1(16_1),[11,8])
 ItkDeclId(L10(16_a),Id6"V",L-9223372036854775808(16_8000000000000000),[11,8])
 ItkOpenScopeLt(L3(16_3))
 ItkDeclScopeLt(L3(16_3))
 ItkOpenScopeLt(L2(16_2))
 ItkDeclScopeRt(L2(16_2))
 ItkProcDefBody([11,2])
 ItkSignatureProperLtPatch(C28,[9,14])
 ItkSignatureProperRt([9,14])
 ItkRaisesSetRt(L0(16_0),[11,2])
 ItkRaisesSetLt(L0(16_0),[11,2])
 ItkResultTypeAbsent([11,2])
 ItkFormalsListLtPatch(C28,L0(16_0),[9,16])
 ItkFormalsListRt(L0(16_0),[9,16])
 ItkDeclScopeLt(L2(16_2))
 ItkDeclId(L18(16_12),Id5"P",L-9223372036854775808(16_8000000000000000),[9,12])
 ItkOpenScopeLt(L1(16_1))
 ItkDeclScopeLt(L1(16_1))
 ItkLeftEnd()
 ItkBOF()
     0
