From unit expression map, Expr No 0 NIL

From unit expression map, Expr No 1 16_****************
 ExpStackLink = ExprNo 0 at 16_**************** [30,11]
 ExpType = NIL
 ExpRefConstVal = NIL
 ExpScalarConstVal = 2
 ExpLoTypeInfoRef = 
 ExpReachedDeclNoSet = {}
 ExpSelfExprNo = 1
 ExpPosition = [16,15]
 ExpOpcode = <RidNull>
 ExpDownKind = <null>
 ExpUpKind = value
 ExpKind = <null>
 ExpState = EsResolved 
 ExpIsConst = TRUE
 ExpConstValIsKnown = TRUE
 ExpIsUsable = TRUE
 ExpIsLegalRecursive = TRUE
 ExpIsDesignator = FALSE
 ExpIsWritable = FALSE
 ExpIsPresent = TRUE
 ExpRefTypeIsUntraced = FALSE
 (* From subtype ExprConstValueTyp: *)


From unit expression map, Expr No 2 16_****************
 ExpStackLink = ExprNo 0 at 16_**************** [30,11]
 ExpType = NIL
 ExpRefConstVal = NIL
 ExpScalarConstVal = 1
 ExpLoTypeInfoRef = 
 ExpReachedDeclNoSet = {}
 ExpSelfExprNo = 2
 ExpPosition = [15,16]
 ExpOpcode = <RidNull>
 ExpDownKind = <null>
 ExpUpKind = value
 ExpKind = <null>
 ExpState = EsResolved 
 ExpIsConst = TRUE
 ExpConstValIsKnown = TRUE
 ExpIsUsable = TRUE
 ExpIsLegalRecursive = TRUE
 ExpIsDesignator = FALSE
 ExpIsWritable = FALSE
 ExpIsPresent = TRUE
 ExpRefTypeIsUntraced = FALSE
 (* From subtype ExprConstValueTyp: *)


From unit expression map, Expr No 3 16_****************
 ExpStackLink = ExprNo 0 at 16_**************** [30,11]
 ExpType = NIL
 ExpRefConstVal = NIL
 ExpScalarConstVal = 0
 ExpLoTypeInfoRef = 
 ExpReachedDeclNoSet = {}
 ExpSelfExprNo = 3
 ExpPosition = [14,16]
 ExpOpcode = <RidNull>
 ExpDownKind = <null>
 ExpUpKind = value
 ExpKind = <null>
 ExpState = EsResolved 
 ExpIsConst = TRUE
 ExpConstValIsKnown = TRUE
 ExpIsUsable = TRUE
 ExpIsLegalRecursive = TRUE
 ExpIsDesignator = FALSE
 ExpIsWritable = FALSE
 ExpIsPresent = TRUE
 ExpRefTypeIsUntraced = FALSE
 (* From subtype ExprConstValueTyp: *)


From unit expression map, Expr No 4 16_****************
 ExpStackLink = ExprNo 0 at 16_**************** [30,11]
 ExpType = NIL
 ExpRefConstVal = NIL
 ExpScalarConstVal = 0
 ExpLoTypeInfoRef = 
 ExpReachedDeclNoSet = {}
 ExpSelfExprNo = 4
 ExpPosition = [11,12]
 ExpOpcode = INTEGER
 ExpDownKind = <null>
 ExpUpKind = <null>
 ExpKind = <null>
 ExpState = EsUnresolved
 ExpIsConst = FALSE
 ExpConstValIsKnown = FALSE
 ExpIsUsable = TRUE
 ExpIsLegalRecursive = TRUE
 ExpIsDesignator = FALSE
 ExpIsWritable = FALSE
 ExpIsPresent = TRUE
 ExpRefTypeIsUntraced = FALSE
 (* From subtype ExprReservedIdRefTyp: *)


