Start unit Main.m3
[32mFM3: [0mCompiling /home/rodney/proj/m3/fm3/git/fm3tests/src/c10/c1005/src/Main.m3...
[32mFM3: [0mPatch stack Main.m3.FM3Patch peak size = 55 bytes.
[32mFM3: [0mUnnest stack Main.m3.FM3Pass1 peak size = 404 bytes.
[32mFM3: [0mParse pass output file Main.m3.FM3Pass2 has 297 bytes.
[32mFM3: [0mFinished compiling Main.m3.
End unit Main.m3
