From unit expression map, Expr No 0 NIL

From unit expression map, Expr No 1 16_****************
 ExpStackLink = NIL
 ExpType = NIL
 ExpRefConstVal = NIL
 ExpScalarConstVal = 0
 ExpLoTypeInfoRef = 
 ExpReachedDeclNoSet = {}
 ExpSelfExprNo = 1
 ExpPosition = [29,10]
 ExpOpcode = FALSE
 ExpDownKind = <null>
 ExpUpKind = <null>
 ExpKind = <null>
 ExpState = EsUnresolved
 ExpIsConst = FALSE
 ExpConstValIsKnown = FALSE
 ExpIsUsable = TRUE
 ExpIsLegalRecursive = TRUE
 ExpIsDesignator = FALSE
 ExpIsWritable = FALSE
 ExpIsPresent = TRUE
 ExpRefTypeIsUntraced = FALSE
 (* From subtype ExprReservedIdRefTyp: *)


From unit expression map, Expr No 2 16_****************
 ExpStackLink = NIL
 ExpType = NIL
 ExpRefConstVal = NIL
 ExpScalarConstVal = 0
 ExpLoTypeInfoRef = 
 ExpReachedDeclNoSet = {}
 ExpSelfExprNo = 2
 ExpPosition = [28,20]
 ExpOpcode = TRUE
 ExpDownKind = <null>
 ExpUpKind = <null>
 ExpKind = <null>
 ExpState = EsUnresolved
 ExpIsConst = FALSE
 ExpConstValIsKnown = FALSE
 ExpIsUsable = TRUE
 ExpIsLegalRecursive = TRUE
 ExpIsDesignator = FALSE
 ExpIsWritable = FALSE
 ExpIsPresent = TRUE
 ExpRefTypeIsUntraced = FALSE
 (* From subtype ExprReservedIdRefTyp: *)


From unit expression map, Expr No 3 16_****************
 ExpStackLink = NIL
 ExpType = NIL
 ExpRefConstVal = NIL
 ExpScalarConstVal = 0
 ExpLoTypeInfoRef = 
 ExpReachedDeclNoSet = {}
 ExpSelfExprNo = 3
 ExpPosition = [28,9]
 ExpOpcode = BOOLEAN
 ExpDownKind = <null>
 ExpUpKind = <null>
 ExpKind = <null>
 ExpState = EsUnresolved
 ExpIsConst = FALSE
 ExpConstValIsKnown = FALSE
 ExpIsUsable = TRUE
 ExpIsLegalRecursive = TRUE
 ExpIsDesignator = FALSE
 ExpIsWritable = FALSE
 ExpIsPresent = TRUE
 ExpRefTypeIsUntraced = FALSE
 (* From subtype ExprReservedIdRefTyp: *)


From unit expression map, Expr No 4 16_****************
 ExpStackLink = NIL
 ExpType = NIL
 ExpRefConstVal = NIL
 ExpScalarConstVal = 0
 ExpLoTypeInfoRef = 
 ExpReachedDeclNoSet = {}
 ExpSelfExprNo = 4
 ExpPosition = [26,9]
 ExpOpcode = BOOLEAN
 ExpDownKind = <null>
 ExpUpKind = <null>
 ExpKind = <null>
 ExpState = EsUnresolved
 ExpIsConst = FALSE
 ExpConstValIsKnown = FALSE
 ExpIsUsable = TRUE
 ExpIsLegalRecursive = TRUE
 ExpIsDesignator = FALSE
 ExpIsWritable = FALSE
 ExpIsPresent = TRUE
 ExpRefTypeIsUntraced = FALSE
 (* From subtype ExprReservedIdRefTyp: *)


From unit expression map, Expr No 5 16_****************
 ExpStackLink = NIL
 ExpType = NIL
 ExpRefConstVal = NIL
 ExpScalarConstVal = 0
 ExpLoTypeInfoRef = 
 ExpReachedDeclNoSet = {}
 ExpSelfExprNo = 5
 ExpPosition = [24,9]
 ExpOpcode = REAL
 ExpDownKind = <null>
 ExpUpKind = <null>
 ExpKind = <null>
 ExpState = EsUnresolved
 ExpIsConst = FALSE
 ExpConstValIsKnown = FALSE
 ExpIsUsable = TRUE
 ExpIsLegalRecursive = TRUE
 ExpIsDesignator = FALSE
 ExpIsWritable = FALSE
 ExpIsPresent = TRUE
 ExpRefTypeIsUntraced = FALSE
 (* From subtype ExprReservedIdRefTyp: *)


From unit expression map, Expr No 6 16_****************
 ExpStackLink = NIL
 ExpType = NIL
 ExpRefConstVal = NIL
 ExpScalarConstVal = 0
 ExpLoTypeInfoRef = 
 ExpReachedDeclNoSet = {}
 ExpSelfExprNo = 6
 ExpPosition = [22,9]
 ExpOpcode = <RidNull>
 ExpDownKind = <null>
 ExpUpKind = reference
 ExpKind = <null>
 ExpState = EsUnresolved
 ExpIsConst = FALSE
 ExpConstValIsKnown = FALSE
 ExpIsUsable = TRUE
 ExpIsLegalRecursive = FALSE
 ExpIsDesignator = FALSE
 ExpIsWritable = FALSE
 ExpIsPresent = TRUE
 ExpRefTypeIsUntraced = FALSE
 (* From subtype ExprIdentRefTyp: *)
 ExpIdentDeclNo = 1


From unit expression map, Expr No 7 16_****************
 ExpStackLink = NIL
 ExpType = NIL
 ExpRefConstVal = NIL
 ExpScalarConstVal = 0
 ExpLoTypeInfoRef = 
 ExpReachedDeclNoSet = {}
 ExpSelfExprNo = 7
 ExpPosition = [19,10]
 ExpOpcode = BOOLEAN
 ExpDownKind = <null>
 ExpUpKind = <null>
 ExpKind = <null>
 ExpState = EsUnresolved
 ExpIsConst = FALSE
 ExpConstValIsKnown = FALSE
 ExpIsUsable = TRUE
 ExpIsLegalRecursive = TRUE
 ExpIsDesignator = FALSE
 ExpIsWritable = FALSE
 ExpIsPresent = TRUE
 ExpRefTypeIsUntraced = FALSE
 (* From subtype ExprReservedIdRefTyp: *)


From unit expression map, Expr No 8 16_****************
 ExpStackLink = NIL
 ExpType = NIL
 ExpRefConstVal = NIL
 ExpScalarConstVal = 0
 ExpLoTypeInfoRef = 
 ExpReachedDeclNoSet = {}
 ExpSelfExprNo = 8
 ExpPosition = [17,10]
 ExpOpcode = REAL
 ExpDownKind = <null>
 ExpUpKind = <null>
 ExpKind = <null>
 ExpState = EsUnresolved
 ExpIsConst = FALSE
 ExpConstValIsKnown = FALSE
 ExpIsUsable = TRUE
 ExpIsLegalRecursive = TRUE
 ExpIsDesignator = FALSE
 ExpIsWritable = FALSE
 ExpIsPresent = TRUE
 ExpRefTypeIsUntraced = FALSE
 (* From subtype ExprReservedIdRefTyp: *)


From unit expression map, Expr No 9 16_****************
 ExpStackLink = NIL
 ExpType = NIL
 ExpRefConstVal = NIL
 ExpScalarConstVal = 0
 ExpLoTypeInfoRef = 
 ExpReachedDeclNoSet = {}
 ExpSelfExprNo = 9
 ExpPosition = [15,11]
 ExpOpcode = <RidNull>
 ExpDownKind = <null>
 ExpUpKind = reference
 ExpKind = <null>
 ExpState = EsUnresolved
 ExpIsConst = FALSE
 ExpConstValIsKnown = FALSE
 ExpIsUsable = TRUE
 ExpIsLegalRecursive = FALSE
 ExpIsDesignator = FALSE
 ExpIsWritable = FALSE
 ExpIsPresent = TRUE
 ExpRefTypeIsUntraced = FALSE
 (* From subtype ExprIdentRefTyp: *)
 ExpIdentDeclNo = 1


