 ItkEOF()
 ItkRightEnd()
 ItkModuleLtPatch(C4,L2(16_2),[1,0])
 ItkModuleBeginPatch(C700,L2(16_2),[15,18])
 ItkModuleRt(L2(16_2),[1,0])
 ItkDeclScopeRt(L1(16_1))
 ItkOpenScopeRt(L1(16_1))
 ItkStmtListRt(L0(16_0),[15,18])
 ItkStmtListLt(L0(16_0),[15,18])
 ItkOpenDeclListLtPatch(C10,L9(16_9),[5,2])
 ItkOpenDeclListRt(L9(16_9),[5,2])
 ItkConstDeclLtPatch(C644,[15,8])
 ItkConstDeclRt([15,8])
 ItkQualIdAtoms(Id14"L",Id15"M",[15,12],[15,16])
 ItkConstDeclValue([15,10])
 ItkDeclTypeAbsent([15,10])
 ItkConstDeclType([15,10])
 ItkDeclId(L9(16_9),Id13"I",L-9223372036854775808(16_8000000000000000),[15,8])
 ItkOpenDeclListSep(L8(16_8),[5,2])
 ItkConstDeclLtPatch(C551,[14,8])
 ItkConstDeclRt([14,8])
 ItkSubscriptLtPatch(C578,L2(16_2),[14,18])
 ItkSubscriptSubsPatch(C583,L2(16_2),[14,18])
 ItkSubscriptRt(L2(16_2),[14,18])
 ItkSubscriptsPlusListLtPatch(C583,L2(16_2),[14,18])
 ItkSubscriptsPlusListRt(L2(16_2),[14,18])
 ItkIdRefAtom(Id12"H",[14,24])
 ItkSubscriptsPlusListSep(L1(16_1),[14,22])
 ItkIdRefAtom(Id10"G",[14,20])
 ItkIdRefAtom(Id7"F",[14,14])
 ItkConstDeclValue([14,10])
 ItkDeclTypeAbsent([14,10])
 ItkConstDeclType([14,10])
 ItkDeclId(L9(16_9),Id12"H",L-9223372036854775808(16_8000000000000000),[14,8])
 ItkOpenDeclListSep(L7(16_7),[5,2])
 ItkConstDeclLtPatch(C458,[13,8])
 ItkConstDeclRt([13,8])
 ItkCallLtPatch(C485,L1(16_1),[13,18])
 ItkCallActualsPatch(C490,L1(16_1),[13,18])
 ItkCallRt(L1(16_1),[13,18])
 ItkActualsListLtPatch(C490,L1(16_1),[13,18])
 ItkActualsListRt(L1(16_1),[13,18])
 ItkAnonActualLtPatch(C490,[13,20])
 ItkAnonActualRt([13,20])
 ItkIdRefAtom(Id7"F",[13,20])
 ItkIdRefAtom(Id11"E",[13,14])
 ItkConstDeclValue([13,10])
 ItkDeclTypeAbsent([13,10])
 ItkConstDeclType([13,10])
 ItkDeclId(L9(16_9),Id10"G",L-9223372036854775808(16_8000000000000000),[13,8])
 ItkOpenDeclListSep(L6(16_6),[5,2])
 ItkConstDeclLtPatch(C380,[12,8])
 ItkConstDeclRt([12,8])
 ItkCallLtPatch(C407,L0(16_0),[12,18])
 ItkCallActualsPatch(C412,L0(16_0),[12,18])
 ItkCallRt(L0(16_0),[12,18])
 ItkActualsListLtPatch(C412,L0(16_0),[12,18])
 ItkActualsListRt(L0(16_0),[12,18])
 ItkIdRefAtom(Id6"D",[12,14])
 ItkConstDeclValue([12,10])
 ItkDeclTypeAbsent([12,10])
 ItkConstDeclType([12,10])
 ItkDeclId(L9(16_9),Id7"F",L-9223372036854775808(16_8000000000000000),[12,8])
 ItkOpenDeclListSep(L5(16_5),[5,2])
 ItkConstDeclLtPatch(C323,[11,8])
 ItkConstDeclRt([11,8])
 ItkDerefLtPatch(C350,[11,18])
 ItkDerefRt([11,18])
 ItkIdRefAtom(Id5"C",[11,14])
 ItkConstDeclValue([11,10])
 ItkDeclTypeAbsent([11,10])
 ItkConstDeclType([11,10])
 ItkDeclId(L9(16_9),Id11"E",L-9223372036854775808(16_8000000000000000),[11,8])
 ItkOpenDeclListSep(L4(16_4),[5,2])
 ItkConstDeclLtPatch(C230,[9,8])
 ItkConstDeclRt([9,8])
 ItkSubscriptLtPatch(C257,L2(16_2),[9,14])
 ItkSubscriptSubsPatch(C262,L2(16_2),[9,14])
 ItkSubscriptRt(L2(16_2),[9,14])
 ItkSubscriptsPlusListLtPatch(C262,L2(16_2),[9,14])
 ItkSubscriptsPlusListRt(L2(16_2),[9,14])
 ItkIdRefAtom(Id4"B",[9,20])
 ItkSubscriptsPlusListSep(L1(16_1),[9,18])
 ItkIdRefAtom(Id3"A",[9,16])
 ItkIdRefAtom(Id10"G",[9,12])
 ItkConstDeclValue([9,10])
 ItkDeclTypeAbsent([9,10])
 ItkConstDeclType([9,10])
 ItkDeclId(L9(16_9),Id6"D",L-9223372036854775808(16_8000000000000000),[9,8])
 ItkOpenDeclListSep(L3(16_3),[5,2])
 ItkConstDeclLtPatch(C115,[8,8])
 ItkConstDeclRt([8,8])
 ItkCallLtPatch(C142,L2(16_2),[8,14])
 ItkCallActualsPatch(C147,L2(16_2),[8,14])
 ItkCallRt(L2(16_2),[8,14])
 ItkActualsListLtPatch(C147,L2(16_2),[8,14])
 ItkActualsListRt(L2(16_2),[8,14])
 ItkNamedExprLtPatch(C167,Id4"B",[8,20])
 ItkNamedExprRt(Id4"B",[8,20])
 ItkIdRefAtom(Id9"Y",[8,25])
 ItkActualsListSep(L1(16_1),[8,18])
 ItkAnonActualLtPatch(C147,[8,16])
 ItkAnonActualRt([8,16])
 ItkIdRefAtom(Id8"X",[8,16])
 ItkIdRefAtom(Id7"F",[8,12])
 ItkConstDeclValue([8,10])
 ItkDeclTypeAbsent([8,10])
 ItkConstDeclType([8,10])
 ItkDeclId(L9(16_9),Id5"C",L-9223372036854775808(16_8000000000000000),[8,8])
 ItkOpenDeclListSep(L2(16_2),[5,2])
 ItkConstDeclLtPatch(C59,[7,8])
 ItkConstDeclRt([7,8])
 ItkDerefLtPatch(C86,[7,14])
 ItkDerefRt([7,14])
 ItkIdRefAtom(Id6"D",[7,12])
 ItkConstDeclValue([7,10])
 ItkDeclTypeAbsent([7,10])
 ItkConstDeclType([7,10])
 ItkDeclId(L9(16_9),Id4"B",L-9223372036854775808(16_8000000000000000),[7,8])
 ItkOpenDeclListSep(L1(16_1),[5,2])
 ItkConstDeclLtPatch(C10,[5,8])
 ItkConstDeclRt([5,8])
 ItkQualIdAtoms(Id4"B",Id5"C",[5,12],[5,16])
 ItkConstDeclValue([5,10])
 ItkDeclTypeAbsent([5,10])
 ItkConstDeclType([5,10])
 ItkDeclId(L9(16_9),Id3"A",L-9223372036854775808(16_8000000000000000),[5,8])
 ItkOpenScopeLt(L1(16_1))
 ItkDeclScopeLt(L1(16_1))
 ItkLeftEnd()
 ItkBOF()
     0
