From unit expression map, Expr No 0 NIL

From unit expression map, Expr No 1 16_****************
 ExpStackLink = NIL
 ExpType = NIL
 ExpRefConstVal = 16_****************
 ExpScalarConstVal = 0
 ExpLoTypeInfoRef = 
 ExpReachedDeclNoSet = {}
 ExpSelfExprNo = 1
 ExpPosition = [28,9]
 ExpOpcode = NULL
 ExpDownKind = <null>
 ExpUpKind = <null>
 ExpKind = <null>
 ExpState = EsUnresolved
 ExpIsConst = FALSE
 ExpConstValIsKnown = FALSE
 ExpIsUsable = TRUE
 ExpIsLegalRecursive = TRUE
 ExpIsDesignator = FALSE
 ExpIsWritable = FALSE
 ExpIsPresent = TRUE
 ExpRefTypeIsUntraced = FALSE
 (* From subtype ExprReservedIdRefTyp: *)


From unit expression map, Expr No 2 16_****************
 ExpStackLink = NIL
 ExpType = NIL
 ExpRefConstVal = 16_****************
 ExpScalarConstVal = 0
 ExpLoTypeInfoRef = 
 ExpReachedDeclNoSet = {}
 ExpSelfExprNo = 2
 ExpPosition = [28,4]
 ExpOpcode = <RidNull>
 ExpDownKind = <null>
 ExpUpKind = reference
 ExpKind = <null>
 ExpState = EsUnresolved
 ExpIsConst = FALSE
 ExpConstValIsKnown = FALSE
 ExpIsUsable = TRUE
 ExpIsLegalRecursive = FALSE
 ExpIsDesignator = FALSE
 ExpIsWritable = FALSE
 ExpIsPresent = TRUE
 ExpRefTypeIsUntraced = FALSE
 (* From subtype ExprIdentRefTyp: *)
 ExpIdentDeclNo = 7


From unit expression map, Expr No 3 16_****************
 ExpStackLink = ExprNo 2 at 16_**************** [28,4]
 ExpType = NIL
 ExpRefConstVal = 16_****************
 ExpScalarConstVal = 0
 ExpLoTypeInfoRef = 
 ExpReachedDeclNoSet = {}
 ExpSelfExprNo = 3
 ExpPosition = [27,4]
 ExpOpcode = <RidNull>
 ExpDownKind = <null>
 ExpUpKind = reference
 ExpKind = <null>
 ExpState = EsUnresolved
 ExpIsConst = FALSE
 ExpConstValIsKnown = FALSE
 ExpIsUsable = TRUE
 ExpIsLegalRecursive = FALSE
 ExpIsDesignator = FALSE
 ExpIsWritable = FALSE
 ExpIsPresent = TRUE
 ExpRefTypeIsUntraced = FALSE
 (* From subtype ExprIdentRefTyp: *)
 ExpIdentDeclNo = 6


From unit expression map, Expr No 4 16_****************
 ExpStackLink = ExprNo 3 at 16_**************** [27,4]
 ExpType = NIL
 ExpRefConstVal = 16_****************
 ExpScalarConstVal = 0
 ExpLoTypeInfoRef = 
 ExpReachedDeclNoSet = {}
 ExpSelfExprNo = 4
 ExpPosition = [26,9]
 ExpOpcode = <RidNull>
 ExpDownKind = <null>
 ExpUpKind = <unknown>
 ExpKind = <null>
 ExpState = EsUnresolved
 ExpIsConst = FALSE
 ExpConstValIsKnown = FALSE
 ExpIsUsable = TRUE
 ExpIsLegalRecursive = TRUE
 ExpIsDesignator = FALSE
 ExpIsWritable = FALSE
 ExpIsPresent = FALSE
 ExpRefTypeIsUntraced = FALSE


From unit expression map, Expr No 5 16_****************
 ExpStackLink = ExprNo 3 at 16_**************** [27,4]
 ExpType = NIL
 ExpRefConstVal = 16_****************
 ExpScalarConstVal = 0
 ExpLoTypeInfoRef = 
 ExpReachedDeclNoSet = {}
 ExpSelfExprNo = 5
 ExpPosition = [26,4]
 ExpOpcode = <RidNull>
 ExpDownKind = <null>
 ExpUpKind = reference
 ExpKind = <null>
 ExpState = EsUnresolved
 ExpIsConst = FALSE
 ExpConstValIsKnown = FALSE
 ExpIsUsable = TRUE
 ExpIsLegalRecursive = FALSE
 ExpIsDesignator = FALSE
 ExpIsWritable = FALSE
 ExpIsPresent = TRUE
 ExpRefTypeIsUntraced = FALSE
 (* From subtype ExprIdentRefTyp: *)
 ExpIdentDeclNo = 5


From unit expression map, Expr No 6 16_****************
 ExpStackLink = ExprNo 5 at 16_**************** [26,4]
 ExpType = NIL
 ExpRefConstVal = 16_****************
 ExpScalarConstVal = 0
 ExpLoTypeInfoRef = 
 ExpReachedDeclNoSet = {}
 ExpSelfExprNo = 6
 ExpPosition = [65535,65535]
 ExpOpcode = %UNTRACED_ROOT
 ExpDownKind = <null>
 ExpUpKind = type
 ExpKind = <null>
 ExpState = EsUnresolved
 ExpIsConst = FALSE
 ExpConstValIsKnown = FALSE
 ExpIsUsable = TRUE
 ExpIsLegalRecursive = TRUE
 ExpIsDesignator = FALSE
 ExpIsWritable = FALSE
 ExpIsPresent = TRUE
 ExpRefTypeIsUntraced = FALSE
 (* From subtype ExprReservedIdRefTyp: *)


From unit expression map, Expr No 7 16_****************
 ExpStackLink = ExprNo 5 at 16_**************** [26,4]
 ExpType = NIL
 ExpRefConstVal = 16_****************
 ExpScalarConstVal = 0
 ExpLoTypeInfoRef = 
 ExpReachedDeclNoSet = {}
 ExpSelfExprNo = 7
 ExpPosition = [23,9]
 ExpOpcode = <RidNull>
 ExpDownKind = <null>
 ExpUpKind = reference
 ExpKind = <null>
 ExpState = EsUnresolved
 ExpIsConst = FALSE
 ExpConstValIsKnown = FALSE
 ExpIsUsable = TRUE
 ExpIsLegalRecursive = FALSE
 ExpIsDesignator = FALSE
 ExpIsWritable = FALSE
 ExpIsPresent = TRUE
 ExpRefTypeIsUntraced = FALSE
 (* From subtype ExprIdentRefTyp: *)
 ExpIdentDeclNo = 4


From unit expression map, Expr No 8 16_****************
 ExpStackLink = ExprNo 7 at 16_**************** [23,9]
 ExpType = NIL
 ExpRefConstVal = 16_****************
 ExpScalarConstVal = 0
 ExpLoTypeInfoRef = 
 ExpReachedDeclNoSet = {}
 ExpSelfExprNo = 8
 ExpPosition = [22,19]
 ExpOpcode = REFANY
 ExpDownKind = <null>
 ExpUpKind = <null>
 ExpKind = <null>
 ExpState = EsUnresolved
 ExpIsConst = FALSE
 ExpConstValIsKnown = FALSE
 ExpIsUsable = TRUE
 ExpIsLegalRecursive = TRUE
 ExpIsDesignator = FALSE
 ExpIsWritable = FALSE
 ExpIsPresent = TRUE
 ExpRefTypeIsUntraced = FALSE
 (* From subtype ExprReservedIdRefTyp: *)


From unit expression map, Expr No 9 16_****************
 ExpStackLink = ExprNo 7 at 16_**************** [23,9]
 ExpType = NIL
 ExpRefConstVal = 16_****************
 ExpScalarConstVal = 0
 ExpLoTypeInfoRef = 
 ExpReachedDeclNoSet = {}
 ExpSelfExprNo = 9
 ExpPosition = [22,13]
 ExpOpcode = <RidNull>
 ExpDownKind = <null>
 ExpUpKind = reference
 ExpKind = <null>
 ExpState = EsUnresolved
 ExpIsConst = FALSE
 ExpConstValIsKnown = FALSE
 ExpIsUsable = TRUE
 ExpIsLegalRecursive = FALSE
 ExpIsDesignator = FALSE
 ExpIsWritable = FALSE
 ExpIsPresent = TRUE
 ExpRefTypeIsUntraced = FALSE
 (* From subtype Expr1OpndTyp: *)
 ExpOpnd1 = ExprNo 10 16_****************
.. ExpStackLink = ExprNo 9 at 16_**************** [22,13]
.. ExpType = NIL
.. ExpRefConstVal = 16_****************
.. ExpScalarConstVal = 0
.. ExpLoTypeInfoRef = 
.. ExpReachedDeclNoSet = {}
.. ExpSelfExprNo = 10
.. ExpPosition = [22,9]
.. ExpOpcode = <RidNull>
.. ExpDownKind = <null>
.. ExpUpKind = reference
.. ExpKind = <null>
.. ExpState = EsUnresolved
.. ExpIsConst = FALSE
.. ExpConstValIsKnown = FALSE
.. ExpIsUsable = TRUE
.. ExpIsLegalRecursive = FALSE
.. ExpIsDesignator = FALSE
.. ExpIsWritable = FALSE
.. ExpIsPresent = TRUE
.. ExpRefTypeIsUntraced = FALSE
.. (* From subtype ExprIdentRefTyp: *)
.. ExpIdentDeclNo = 3

 (* From subtype ExprDotTyp: *)
 ExpDotIdAtom = X


From unit expression map, Expr No 11 16_****************
 ExpStackLink = ExprNo 9 at 16_**************** [22,13]
 ExpType = NIL
 ExpRefConstVal = 16_****************
 ExpScalarConstVal = 0
 ExpLoTypeInfoRef = 
 ExpReachedDeclNoSet = {}
 ExpSelfExprNo = 11
 ExpPosition = [65535,65535]
 ExpOpcode = %ROOT
 ExpDownKind = <null>
 ExpUpKind = type
 ExpKind = <null>
 ExpState = EsUnresolved
 ExpIsConst = FALSE
 ExpConstValIsKnown = FALSE
 ExpIsUsable = TRUE
 ExpIsLegalRecursive = TRUE
 ExpIsDesignator = FALSE
 ExpIsWritable = FALSE
 ExpIsPresent = TRUE
 ExpRefTypeIsUntraced = FALSE
 (* From subtype ExprReservedIdRefTyp: *)


From unit expression map, Expr No 12 16_****************
 ExpStackLink = ExprNo 9 at 16_**************** [22,13]
 ExpType = NIL
 ExpRefConstVal = 16_****************
 ExpScalarConstVal = 0
 ExpLoTypeInfoRef = 
 ExpReachedDeclNoSet = {}
 ExpSelfExprNo = 12
 ExpPosition = [21,9]
 ExpOpcode = <RidNull>
 ExpDownKind = <null>
 ExpUpKind = reference
 ExpKind = <null>
 ExpState = EsUnresolved
 ExpIsConst = FALSE
 ExpConstValIsKnown = FALSE
 ExpIsUsable = TRUE
 ExpIsLegalRecursive = FALSE
 ExpIsDesignator = FALSE
 ExpIsWritable = FALSE
 ExpIsPresent = TRUE
 ExpRefTypeIsUntraced = FALSE
 (* From subtype ExprRemoteRefTyp: *)
 ExpRemoteUnitNo = 1
 ExpRemoteDeclNo = 1


From unit expression map, Expr No 13 16_****************
 ExpStackLink = ExprNo 12 at 16_**************** [21,9]
 ExpType = NIL
 ExpRefConstVal = 16_****************
 ExpScalarConstVal = 0
 ExpLoTypeInfoRef = 
 ExpReachedDeclNoSet = {}
 ExpSelfExprNo = 13
 ExpPosition = [19,12]
 ExpOpcode = BOOLEAN
 ExpDownKind = <null>
 ExpUpKind = <null>
 ExpKind = <null>
 ExpState = EsUnresolved
 ExpIsConst = FALSE
 ExpConstValIsKnown = FALSE
 ExpIsUsable = TRUE
 ExpIsLegalRecursive = TRUE
 ExpIsDesignator = FALSE
 ExpIsWritable = FALSE
 ExpIsPresent = TRUE
 ExpRefTypeIsUntraced = FALSE
 (* From subtype ExprReservedIdRefTyp: *)


From unit expression map, Expr No 14 16_****************
 ExpStackLink = ExprNo 12 at 16_**************** [21,9]
 ExpType = NIL
 ExpRefConstVal = 16_****************
 ExpScalarConstVal = 0
 ExpLoTypeInfoRef = 
 ExpReachedDeclNoSet = {}
 ExpSelfExprNo = 14
 ExpPosition = [18,12]
 ExpOpcode = WIDECHAR
 ExpDownKind = <null>
 ExpUpKind = type
 ExpKind = <null>
 ExpState = EsUnresolved
 ExpIsConst = FALSE
 ExpConstValIsKnown = FALSE
 ExpIsUsable = TRUE
 ExpIsLegalRecursive = TRUE
 ExpIsDesignator = FALSE
 ExpIsWritable = FALSE
 ExpIsPresent = TRUE
 ExpRefTypeIsUntraced = FALSE
 (* From subtype ExprReservedIdRefTyp: *)


From unit expression map, Expr No 15 16_****************
 ExpStackLink = ExprNo 12 at 16_**************** [21,9]
 ExpType = NIL
 ExpRefConstVal = 16_****************
 ExpScalarConstVal = 0
 ExpLoTypeInfoRef = 
 ExpReachedDeclNoSet = {}
 ExpSelfExprNo = 15
 ExpPosition = [17,12]
 ExpOpcode = CHAR
 ExpDownKind = <null>
 ExpUpKind = <null>
 ExpKind = <null>
 ExpState = EsUnresolved
 ExpIsConst = FALSE
 ExpConstValIsKnown = FALSE
 ExpIsUsable = TRUE
 ExpIsLegalRecursive = TRUE
 ExpIsDesignator = FALSE
 ExpIsWritable = FALSE
 ExpIsPresent = TRUE
 ExpRefTypeIsUntraced = FALSE
 (* From subtype ExprReservedIdRefTyp: *)


From unit expression map, Expr No 16 16_****************
 ExpStackLink = ExprNo 12 at 16_**************** [21,9]
 ExpType = NIL
 ExpRefConstVal = 16_****************
 ExpScalarConstVal = 0
 ExpLoTypeInfoRef = 
 ExpReachedDeclNoSet = {}
 ExpSelfExprNo = 16
 ExpPosition = [15,11]
 ExpOpcode = BOOLEAN
 ExpDownKind = <null>
 ExpUpKind = <null>
 ExpKind = <null>
 ExpState = EsUnresolved
 ExpIsConst = FALSE
 ExpConstValIsKnown = FALSE
 ExpIsUsable = TRUE
 ExpIsLegalRecursive = TRUE
 ExpIsDesignator = FALSE
 ExpIsWritable = FALSE
 ExpIsPresent = TRUE
 ExpRefTypeIsUntraced = FALSE
 (* From subtype ExprReservedIdRefTyp: *)


From unit expression map, Expr No 17 16_****************
 ExpStackLink = ExprNo 12 at 16_**************** [21,9]
 ExpType = NIL
 ExpRefConstVal = 16_****************
 ExpScalarConstVal = 0
 ExpLoTypeInfoRef = 
 ExpReachedDeclNoSet = {}
 ExpSelfExprNo = 17
 ExpPosition = [14,11]
 ExpOpcode = WIDECHAR
 ExpDownKind = <null>
 ExpUpKind = type
 ExpKind = <null>
 ExpState = EsUnresolved
 ExpIsConst = FALSE
 ExpConstValIsKnown = FALSE
 ExpIsUsable = TRUE
 ExpIsLegalRecursive = TRUE
 ExpIsDesignator = FALSE
 ExpIsWritable = FALSE
 ExpIsPresent = TRUE
 ExpRefTypeIsUntraced = FALSE
 (* From subtype ExprReservedIdRefTyp: *)


