 ItkEOF()
 ItkLeftEnd()
 ItkInterfaceLt(L4(16_4),[1,0])
 ItkDeclScopeLt(L1(16_1))
 ItkOpenScopeLt(L1(16_1))
 ItkOpenDeclListLt(L1(16_1),[6,2])
 ItkTypeDeclLt([6,7])
 ItkDeclNo(D4,[6,7])
 ItkTypeDeclType([6,20])
 ItkDefTopExprNo(L1(16_1),[6,22])
 ItkTypeDeclRt([6,7])
 ItkOpenDeclListRt(L1(16_1),[6,2])
 ItkOpenScopeRt(L1(16_1))
 ItkDeclScopeRt(L1(16_1))
 ItkInterfaceRt(L4(16_4),[1,0])
 ItkRightEnd()
 ItkBOF()
     0
