 ItkEOF()
 ItkLeftEnd()
 ItkInterfaceLt(L2(16_2),[1,0])
 ItkBlockDeclListLt(L1(16_1),[3,2])
 ItkTypeDeclLt([3,7])
 ItkDeclNo(D1,[3,7])
 ItkTypeDeclEquals([3,10])
 ItkReservedId(Rid"CHAR",[3,12])
 ItkTypeDeclRt([3,7])
 ItkBlockDeclListRt(L1(16_1),[3,2])
 ItkInterfaceRt(L2(16_2),[1,0])
 ItkRightEnd()
 ItkBOF()
     0
