 ItkEOF()
 ItkRightEnd()
 ItkModuleLtPatch(C4,L2(16_2),[1,0])
 ItkModuleBeginPatch(C551,L2(16_2),[25,2])
 ItkModuleRt(L2(16_2),[1,0])
 ItkDeclScopeRt(L1(16_1))
 ItkOpenScopeRt(L1(16_1))
 ItkStmtListRt(L0(16_0),[26,2])
 ItkStmtListLt(L0(16_0),[26,2])
 ItkOpenDeclListLtPatch(C10,L11(16_b),[10,2])
 ItkOpenDeclListRt(L11(16_b),[10,2])
 ItkConstDeclLtPatch(C498,[23,8])
 ItkConstDeclRt([23,8])
 ItkIntLit(16_0(0),[23,23])
 ItkConstDeclValue([23,21])
 ItkDeclTypeAbsent([23,21])
 ItkConstDeclType([23,21])
 ItkDeclId(L9(16_9),Id5"Nonexistent",L-9223372036854775808(16_8000000000000000),[23,8])
 ItkOpenDeclListSep(L10(16_a),[10,2])
 ItkConstDeclLtPatch(C451,[22,8])
 ItkConstDeclRt([22,8])
 ItkIntLit(16_0(0),[22,17])
 ItkConstDeclValue([22,15])
 ItkDeclTypeAbsent([22,15])
 ItkConstDeclType([22,15])
 ItkDeclId(L9(16_9),Id6"Mumble",L-9223372036854775808(16_8000000000000000),[22,8])
 ItkOpenDeclListSep(L9(16_9),[10,2])
 ItkSkipLtPatch(C421,L2(16_2))
 ItkSkipRt(L2(16_2))
 ItkIntLit(16_0(0),[21,15])
 ItkConstDeclValue([21,13])
 ItkDeclTypeAbsent([21,13])
 ItkConstDeclType([21,13])
 ItkOpenDeclListSep(L9(16_9),[10,2])
 ItkConstDeclLtPatch(C374,[20,8])
 ItkConstDeclRt([20,8])
 ItkIntLit(16_0(0),[20,16])
 ItkConstDeclValue([20,14])
 ItkDeclTypeAbsent([20,14])
 ItkConstDeclType([20,14])
 ItkDeclId(L9(16_9),Id2"Lotsa",L-9223372036854775808(16_8000000000000000),[20,8])
 ItkOpenDeclListSep(L8(16_8),[10,2])
 ItkSkipLtPatch(C344,L1(16_1))
 ItkSkipRt(L1(16_1))
 ItkIntLit(16_0(0),[19,13])
 ItkConstDeclValue([19,11])
 ItkDeclTypeAbsent([19,11])
 ItkConstDeclType([19,11])
 ItkOpenDeclListSep(L8(16_8),[10,2])
 ItkTypeDeclLtPatch(C303,[17,7])
 ItkTypeDeclTypePatch(C318,[17,11])
 ItkTypeDeclRt([17,7])
 ItkIdRefAtom(Id20"E2",[17,13])
 ItkDeclId(L8(16_8),Id19"Bad",L-9223372036854775808(16_8000000000000000),[17,7])
 ItkOpenDeclListSep(L7(16_7),[10,2])
 ItkTypeDeclLtPatch(C262,[16,7])
 ItkTypeDeclTypePatch(C277,[16,12])
 ItkTypeDeclRt([16,7])
 ItkIdRefAtom(Id3"E1",[16,14])
 ItkDeclId(L8(16_8),Id18"Good",L-9223372036854775808(16_8000000000000000),[16,7])
 ItkOpenDeclListSep(L6(16_6),[10,2])
 ItkTypeDeclLtPatch(C221,[15,7])
 ItkTypeDeclTypePatch(C236,[15,17])
 ItkTypeDeclRt([15,7])
 ItkIdRefAtom(Id5"Nonexistent",[15,19])
 ItkDeclId(L8(16_8),Id17"Worthless",L-9223372036854775808(16_8000000000000000),[15,7])
 ItkOpenDeclListSep(L5(16_5),[10,2])
 ItkTypeDeclLtPatch(C177,[14,7])
 ItkTypeDeclTypePatch(C192,[14,14])
 ItkTypeDeclRt([14,7])
 ItkQualIdAtoms(Id15"NoIntf",Id16"Nada",[14,16],[14,25])
 ItkDeclId(L8(16_8),Id14"NoQual",L-9223372036854775808(16_8000000000000000),[14,7])
 ItkOpenDeclListSep(L4(16_4),[10,2])
 ItkTypeDeclLtPatch(C136,[13,7])
 ItkTypeDeclTypePatch(C151,[13,14])
 ItkTypeDeclRt([13,7])
 ItkIdRefAtom(Id13"NoSuch",[13,16])
 ItkDeclId(L8(16_8),Id12"Undecl",L-9223372036854775808(16_8000000000000000),[13,7])
 ItkOpenDeclListSep(L3(16_3),[10,2])
 ItkTypeDeclLtPatch(C92,[12,7])
 ItkTypeDeclTypePatch(C107,[12,20])
 ItkTypeDeclRt([12,7])
 ItkQualIdAtoms(Id4"Intf",Id11"Imppp",[12,22],[12,29])
 ItkDeclId(L8(16_8),Id10"IntfDotImppp",L-9223372036854775808(16_8000000000000000),[12,7])
 ItkOpenDeclListSep(L2(16_2),[10,2])
 ItkTypeDeclLtPatch(C49,[11,7])
 ItkTypeDeclTypePatch(C64,[11,20])
 ItkTypeDeclRt([11,7])
 ItkQualIdAtoms(Id4"Intf",Id9"Yadda",[11,22],[11,29])
 ItkDeclId(L8(16_8),Id8"IntfDotYadda",L-9223372036854775808(16_8000000000000000),[11,7])
 ItkOpenDeclListSep(L1(16_1),[10,2])
 ItkTypeDeclLtPatch(C10,[10,7])
 ItkTypeDeclTypePatch(C25,[10,10])
 ItkTypeDeclRt([10,7])
 ItkIdRefAtom(Id4"Intf",[10,12])
 ItkDeclId(L8(16_8),Id7"T1",L-9223372036854775808(16_8000000000000000),[10,7])
 ItkOpenScopeLt(L1(16_1))
 ItkDeclScopeLt(L1(16_1))
 ItkLeftEnd()
 ItkBOF()
     0
