From unit expression map, Expr No 0 NIL

From unit expression map, Expr No 1 16_****************
 ExpStackLink = NIL
 ExpType = NIL
 ExpRefConstVal = NIL
 ExpScalarConstVal = 0
 ExpLoTypeInfoRef = 
 ExpReachedDeclNoSet = {}
 ExpSelfExprNo = 1
 ExpPosition = [22,14]
 ExpOpcode = OBJECT
 ExpDownKind = EkNull
 ExpUpKind = EkType
 ExpKind = EkObjType
 ExpState = EsUnresolved
 ExpIsConst = FALSE
 ExpConstValIsKnown = FALSE
 ExpIsUsable = TRUE
 ExpIsLegalRecursive = TRUE
 ExpIsDesignator = FALSE
 ExpIsWritable = FALSE
 ExpIsPresent = TRUE
 ExpRefTypeIsUntraced = FALSE
 ExpArrayTypeIsOpen = FALSE
 (* From subtype Expr1OpndTyp: *)
 ExpOpnd1 = NIL
 (* From subtype Expr2OpndTyp: *)
 ExpOpnd2 = NIL
 (* From subtype ExprObjTypeTyp: *)
 ExpObjOverrides = NIL
 ExpObjDecls = ScopeNo 2 at 16_**************** [22,14]
 ExpObjDecls = BkAbsent


From unit expression map, Expr No 2 16_****************
 ExpStackLink = ExprNo 1 at 16_**************** [22,14]
 ExpType = NIL
 ExpRefConstVal = NIL
 ExpScalarConstVal = 0
 ExpLoTypeInfoRef = 
 ExpReachedDeclNoSet = {}
 ExpSelfExprNo = 2
 ExpPosition = [22,14]
 ExpOpcode = <RidNull>
 ExpDownKind = EkNull
 ExpUpKind = EkBrand
 ExpKind = EkBrand
 ExpState = EsUnresolved
 ExpIsConst = FALSE
 ExpConstValIsKnown = FALSE
 ExpIsUsable = TRUE
 ExpIsLegalRecursive = TRUE
 ExpIsDesignator = FALSE
 ExpIsWritable = FALSE
 ExpIsPresent = FALSE
 ExpRefTypeIsUntraced = FALSE
 ExpArrayTypeIsOpen = FALSE
 (* From subtype Expr1OpndTyp: *)
 ExpOpnd1 = NIL
 (* From subtype Expr2OpndTyp: *)
 ExpOpnd2 = NIL
 (* From subtype ExprObjTypeTyp: *)
 ExpObjOverrides = NIL
 ExpObjDecls = NIL
 ExpObjDecls = BkAbsent


From unit expression map, Expr No 3 16_****************
 ExpStackLink = ExprNo 2 at 16_**************** [22,14]
 ExpType = NIL
 ExpRefConstVal = NIL
 ExpScalarConstVal = 0
 ExpLoTypeInfoRef = 
 ExpReachedDeclNoSet = {}
 ExpSelfExprNo = 3
 ExpPosition = [22,14]
 ExpOpcode = <RidNull>
 ExpDownKind = EkNull
 ExpUpKind = EkSupertype
 ExpKind = EkSupertype
 ExpState = EsUnresolved
 ExpIsConst = FALSE
 ExpConstValIsKnown = FALSE
 ExpIsUsable = TRUE
 ExpIsLegalRecursive = TRUE
 ExpIsDesignator = FALSE
 ExpIsWritable = FALSE
 ExpIsPresent = FALSE
 ExpRefTypeIsUntraced = FALSE
 ExpArrayTypeIsOpen = FALSE


