[32mFM3:   [0mCompiling with command line: 
         /home/rodney/proj/m3/fm3/git/compiler/AMD64_LINUX/FM3 --disasm --no-disasm-verbose --exprs --no-expr-addrs --no-std-sources Main.m3"
[32mFM3:   [0mGetting dependencies of 
         /home/rodney/proj/m3/fm3/git/fm3tests/src/e10/e1008/src/Main.m3 ...
[32mFM3:   [0mCompiling Main.m3 ...
[32mFM3:   [0mFinished compiling Main.m3.
