[32mFM3: [0mCompiling with command line: 
     "/home/rodney/proj/m3/fm3/git/compiler/AMD64_LINUX/FM3 --disasm --no-disasm-verbose --exprs --no-expr-addrs Main.m3"
Start unit Main.m3
[32mFM3: [0mCompiling /home/rodney/proj/m3/fm3/git/fm3tests/src/c10/c1013/src/Main.m3...
Start unit Main.i3
[32mFM3: [0mCompiling /home/rodney/proj/m3/fm3/git/compiler/AMD64_LINUX/../lib/Main.i3...
[32mFM3: [0mFinished compiling Main.i3.
End unit Main.i3
[32mFM3: [0mFinished compiling Main.m3.
End unit Main.m3
