 ItkEOF()
 ItkLeftEnd()
 ItkModuleLt(L1(16_1),[9,0])
 ItkDeclScopeLt(L1(16_1))
 ItkOpenScopeLt(L1(16_1))
 ItkOpenDeclListLt(L1(16_1),[17,2])
 ItkProcDeclLt(Id9"P",[17,2])
 ItkDeclNo(D11,[17,12])
 ItkDeclScopeLt(L2(16_2))
 ItkSignatureProperLt([17,14])
 ItkFormalsListLt(L1(16_1),[17,16])
 ItkVARFormalLt([17,16])
 ItkVARFormalIdListLt(L1(16_1),[17,20])
 ItkDeclNo(D6,[17,20])
 ItkVARFormalIdListRt(L1(16_1),[17,20])
 ItkVARFormalType([17,23])
 ItkVARFormalValue([17,27])
 ItkDeclValAbsent([17,27])
 ItkVARFormalRt([17,16])
 ItkFormalsListRt(L1(16_1),[17,16])
 ItkDeclScopeRt(L2(16_2))
 ItkResultTypeAbsent([19,0])
 ItkRaisesSetLt(L0(16_0),[19,0])
 ItkRaisesSetRt(L0(16_0),[19,0])
 ItkSignatureProperRt([17,14])
 ItkProcDeclRt(Id9"P",[19,0])
 ItkOpenDeclListSep(L1(16_1),[17,2])
 ItkProcDeclLt(Id9"P",[19,2])
 ItkDeclScopeLt(L3(16_3))
 ItkSignatureProperLt([19,14])
 ItkFormalsListLt(L1(16_1),[19,16])
 ItkFormalsListRt(L1(16_1),[19,16])
 ItkDeclScopeRt(L3(16_3))
 ItkResultTypeAbsent([21,0])
 ItkRaisesSetLt(L0(16_0),[21,0])
 ItkRaisesSetRt(L0(16_0),[21,0])
 ItkSignatureProperRt([19,14])
 ItkProcDeclRt(Id9"P",[21,0])
 ItkOpenDeclListSep(L1(16_1),[17,2])
 ItkProcDeclLt(Id9"P",[21,2])
 ItkDeclScopeLt(L4(16_4))
 ItkSignatureProperLt([21,14])
 ItkFormalsListLt(L1(16_1),[21,16])
 ItkFormalsListRt(L1(16_1),[21,16])
 ItkDeclScopeRt(L4(16_4))
 ItkResultTypeAbsent([22,0])
 ItkRaisesSetLt(L0(16_0),[22,0])
 ItkRaisesSetRt(L0(16_0),[22,0])
 ItkSignatureProperRt([21,14])
 ItkProcDeclRt(Id9"P",[22,0])
 ItkOpenDeclListSep(L1(16_1),[17,2])
 ItkProcDeclLt(Id9"P",[22,2])
 ItkDeclScopeLt(L5(16_5))
 ItkSignatureProperLt([22,14])
 ItkFormalsListLt(L1(16_1),[22,16])
 ItkROFormalLt([22,16])
 ItkROFormalIdListLt(L1(16_1),[22,25])
 ItkDeclNo(D9,[22,25])
 ItkROFormalIdListRt(L1(16_1),[22,25])
 ItkROFormalType([22,28])
 ItkROFormalValue([22,32])
 ItkDeclValAbsent([22,32])
 ItkROFormalRt([22,16])
 ItkFormalsListRt(L1(16_1),[22,16])
 ItkDeclScopeRt(L5(16_5))
 ItkResultTypeAbsent([23,0])
 ItkRaisesSetLt(L0(16_0),[23,0])
 ItkRaisesSetRt(L0(16_0),[23,0])
 ItkSignatureProperRt([22,14])
 ItkProcDeclRt(Id9"P",[23,0])
 ItkOpenDeclListSep(L1(16_1),[17,2])
 ItkProcDeclLt(Id9"P",[23,2])
 ItkDeclScopeLt(L6(16_6))
 ItkSignatureProperLt([23,14])
 ItkFormalsListLt(L1(16_1),[23,16])
 ItkVALUEFormalLt([23,16])
 ItkVALUEFormalIdListLt(L1(16_1),[23,22])
 ItkDeclNo(D10,[23,22])
 ItkVALUEFormalIdListRt(L1(16_1),[23,22])
 ItkVALUEFormalType([23,25])
 ItkDeclTypeAbsent([23,16])
 ItkVALUEFormalValue([23,25])
 ItkVALUEFormalRt([23,16])
 ItkFormalsListRt(L1(16_1),[23,16])
 ItkDeclScopeRt(L6(16_6))
 ItkResultTypeAbsent([25,0])
 ItkRaisesSetLt(L0(16_0),[25,0])
 ItkRaisesSetRt(L0(16_0),[25,0])
 ItkSignatureProperRt([23,14])
 ItkProcDeclRt(Id9"P",[25,0])
 ItkOpenDeclListRt(L1(16_1),[17,2])
 ItkModuleBegin(L1(16_1),[25,2])
 ItkStmtListLt(L0(16_0),[26,2])
 ItkStmtListRt(L0(16_0),[26,2])
 ItkOpenScopeRt(L1(16_1))
 ItkDeclScopeRt(L1(16_1))
 ItkModuleRt(L1(16_1),[9,0])
 ItkRightEnd()
 ItkBOF()
     0
