[32mINFO:  [0mMain.m3 Pass 1 output file Main.m3.FM3Pass1 has 675 bytes.
[31mERROR: [0mMain.m3[7,7] Illegal recursive declaration: "A"
[31mERROR: [0mMain.m3[9,7] Illegal recursive declarations: "D", also involving
       "E" [20,7]
       "B" [11,7]
       "C" [18,7]
[31mERROR: [0mMain.m3[13,7] Illegal recursive declaration: "Rec"
[32mINFO:  [0mMain.m3 Patch stack Main.m3.FM3Patch peak size = 71 bytes.
[32mINFO:  [0mMain.m3 Pass 2 output file Main.m3.FM3Pass2 has 387 bytes.
