[32mFM3: [0mCompiling Main.m3...
[31mERROR: [0m/home/rodney/proj/m3/fm3/git/fm3tests/src/e10/e1003/src Main.m3 (12,7) Identifier "INTEGER" is predefined and cannot be redeclared (2.8.2).
[31mERROR: [0m/home/rodney/proj/m3/fm3/git/fm3tests/src/e10/e1003/src Main.m3 (19,4) Identifier "INTEGER" is predefined and cannot be redeclared (2.8.2).
[31mERROR: [0m/home/rodney/proj/m3/fm3/git/fm3tests/src/e10/e1003/src Main.m3 (21,4) Duplicate declaration of "T1", ignored, original at (18,4).
[31mERROR: [0m/home/rodney/proj/m3/fm3/git/fm3tests/src/e10/e1003/src Main.m3 (14,7) Duplicate declaration of "T", ignored, original at (11,7).
[32mFM3: [0mPatch stack Main.m3.Patch peak size = 35.
[32mFM3: [0mUnnest stack Main.m3.Unnest peak size = 323.
[32mFM3: [0mParse pass output file Main.m3.ParsePass has 221 bytes.
[32mFM3: [0mFinished compiling Main.m3.
