From unit expression map, Expr No 0 NIL

From unit expression map, Expr No 1 16_****************
 ExpStackLink = NIL
 ExpType = NIL
 ExpRefConstVal = NIL
 ExpScalarConstVal = 0
 ExpLoTypeInfoRef = 
 ExpReachedDeclNoSet = {}
 ExpSelfExprNo = 1
 ExpPosition = [12,6]
 ExpOpcode = <RidNull>
 ExpDownKind = <null>
 ExpUpKind = type
 ExpKind = <null>
 ExpState = EsUnresolved
 ExpIsConst = FALSE
 ExpConstValIsKnown = FALSE
 ExpIsUsable = TRUE
 ExpIsLegalRecursive = FALSE
 ExpIsDesignator = FALSE
 ExpIsWritable = FALSE
 ExpIsPresent = TRUE
 ExpRefTypeIsUntraced = FALSE
 (* From subtype Expr1ScopeTyp: *)
 ExpScopeRef1 = NIL
 (* From subtype ExprRecTypeTyp: *)


From unit expression map, Expr No 2 16_****************
 ExpStackLink = ExprNo 1 at 16_**************** [12,6]
 ExpType = NIL
 ExpRefConstVal = NIL
 ExpScalarConstVal = 0
 ExpLoTypeInfoRef = 
 ExpReachedDeclNoSet = {}
 ExpSelfExprNo = 2
 ExpPosition = [14,14]
 ExpOpcode = INTEGER
 ExpDownKind = <null>
 ExpUpKind = <null>
 ExpKind = <null>
 ExpState = EsUnresolved
 ExpIsConst = FALSE
 ExpConstValIsKnown = FALSE
 ExpIsUsable = TRUE
 ExpIsLegalRecursive = TRUE
 ExpIsDesignator = FALSE
 ExpIsWritable = FALSE
 ExpIsPresent = TRUE
 ExpRefTypeIsUntraced = FALSE
 (* From subtype ExprReservedIdRefTyp: *)


From unit expression map, Expr No 3 16_****************
 ExpStackLink = ExprNo 1 at 16_**************** [12,6]
 ExpType = NIL
 ExpRefConstVal = NIL
 ExpScalarConstVal = 0
 ExpLoTypeInfoRef = 
 ExpReachedDeclNoSet = {}
 ExpSelfExprNo = 3
 ExpPosition = [13,14]
 ExpOpcode = INTEGER
 ExpDownKind = <null>
 ExpUpKind = <null>
 ExpKind = <null>
 ExpState = EsUnresolved
 ExpIsConst = FALSE
 ExpConstValIsKnown = FALSE
 ExpIsUsable = TRUE
 ExpIsLegalRecursive = TRUE
 ExpIsDesignator = FALSE
 ExpIsWritable = FALSE
 ExpIsPresent = TRUE
 ExpRefTypeIsUntraced = FALSE
 (* From subtype ExprReservedIdRefTyp: *)


From unit expression map, Expr No 4 16_****************
 ExpStackLink = NIL
 ExpType = NIL
 ExpRefConstVal = NIL
 ExpScalarConstVal = 0
 ExpLoTypeInfoRef = 
 ExpReachedDeclNoSet = {}
 ExpSelfExprNo = 4
 ExpPosition = [7,17]
 ExpOpcode = INTEGER
 ExpDownKind = <null>
 ExpUpKind = <null>
 ExpKind = <null>
 ExpState = EsUnresolved
 ExpIsConst = FALSE
 ExpConstValIsKnown = FALSE
 ExpIsUsable = TRUE
 ExpIsLegalRecursive = TRUE
 ExpIsDesignator = FALSE
 ExpIsWritable = FALSE
 ExpIsPresent = TRUE
 ExpRefTypeIsUntraced = FALSE
 (* From subtype ExprReservedIdRefTyp: *)


From unit expression map, Expr No 5 16_****************
 ExpStackLink = NIL
 ExpType = NIL
 ExpRefConstVal = NIL
 ExpScalarConstVal = 0
 ExpLoTypeInfoRef = 
 ExpReachedDeclNoSet = {}
 ExpSelfExprNo = 5
 ExpPosition = [6,21]
 ExpOpcode = LONGINT
 ExpDownKind = <null>
 ExpUpKind = <null>
 ExpKind = <null>
 ExpState = EsUnresolved
 ExpIsConst = FALSE
 ExpConstValIsKnown = FALSE
 ExpIsUsable = TRUE
 ExpIsLegalRecursive = TRUE
 ExpIsDesignator = FALSE
 ExpIsWritable = FALSE
 ExpIsPresent = TRUE
 ExpRefTypeIsUntraced = FALSE
 (* From subtype ExprReservedIdRefTyp: *)


From unit expression map, Expr No 6 16_****************
 ExpStackLink = NIL
 ExpType = NIL
 ExpRefConstVal = NIL
 ExpScalarConstVal = 0
 ExpLoTypeInfoRef = 
 ExpReachedDeclNoSet = {}
 ExpSelfExprNo = 6
 ExpPosition = [5,19]
 ExpOpcode = CHAR
 ExpDownKind = <null>
 ExpUpKind = <null>
 ExpKind = <null>
 ExpState = EsUnresolved
 ExpIsConst = FALSE
 ExpConstValIsKnown = FALSE
 ExpIsUsable = TRUE
 ExpIsLegalRecursive = TRUE
 ExpIsDesignator = FALSE
 ExpIsWritable = FALSE
 ExpIsPresent = TRUE
 ExpRefTypeIsUntraced = FALSE
 (* From subtype ExprReservedIdRefTyp: *)


From unit expression map, Expr No 7 16_****************
 ExpStackLink = NIL
 ExpType = NIL
 ExpRefConstVal = NIL
 ExpScalarConstVal = 0
 ExpLoTypeInfoRef = 
 ExpReachedDeclNoSet = {}
 ExpSelfExprNo = 7
 ExpPosition = [4,10]
 ExpOpcode = BOOLEAN
 ExpDownKind = <null>
 ExpUpKind = <null>
 ExpKind = <null>
 ExpState = EsUnresolved
 ExpIsConst = FALSE
 ExpConstValIsKnown = FALSE
 ExpIsUsable = TRUE
 ExpIsLegalRecursive = TRUE
 ExpIsDesignator = FALSE
 ExpIsWritable = FALSE
 ExpIsPresent = TRUE
 ExpRefTypeIsUntraced = FALSE
 (* From subtype ExprReservedIdRefTyp: *)


