 ItkEOF()
 ItkLeftEnd()
 ItkModuleLt(L2(16_2),[11,0])
 ItkDeclScopeLt(L1(16_1))
 ItkOpenScopeLt(L1(16_1))
 ItkOpenDeclListLt(L5(16_5),[13,2])
 ItkConstDeclLt([15,8])
 ItkDeclNo(D3,[15,8])
 ItkConstDeclType([15,10])
 ItkDefTopExprNo(L7(16_7),[15,12])
 ItkConstDeclValue([15,20])
 ItkDefTopExprNo(L6(16_6),[15,22])
 ItkConstDeclRt([15,8])
 ItkOpenDeclListSep(L1(16_1),[13,2])
 ItkOpenDeclListSep(L1(16_1),[13,2])
 ItkConstDeclLt([17,8])
 ItkDeclNo(D4,[17,8])
 ItkConstDeclType([17,10])
 ItkDeclTypeAbsent([17,10])
 ItkConstDeclValue([17,10])
 ItkDefTopExprNo(L5(16_5),[17,12])
 ItkConstDeclRt([17,8])
 ItkOpenDeclListSep(L2(16_2),[13,2])
 ItkConstDeclLt([20,4])
 ItkDeclNo(D5,[20,4])
 ItkConstDeclType([20,7])
 ItkDeclTypeAbsent([20,7])
 ItkConstDeclValue([20,7])
 ItkDefTopExprNo(L4(16_4),[20,9])
 ItkConstDeclRt([20,4])
 ItkOpenDeclListSep(L1(16_1),[21,2])
 ItkConstDeclLt([22,4])
 ItkDeclNo(D6,[22,4])
 ItkConstDeclType([22,7])
 ItkDefTopExprNo(L3(16_3),[22,9])
 ItkConstDeclValue([22,14])
 ItkDefTopExprNo(L2(16_2),[22,16])
 ItkConstDeclRt([22,4])
 ItkOpenDeclListSep(L2(16_2),[23,2])
 ItkConstDeclLt([24,4])
 ItkDeclNo(D7,[24,4])
 ItkConstDeclType([24,7])
 ItkDeclTypeAbsent([24,7])
 ItkConstDeclValue([24,7])
 ItkDefTopExprNo(L1(16_1),[24,9])
 ItkConstDeclRt([24,4])
 ItkOpenDeclListRt(L5(16_5),[13,2])
 ItkModuleBegin(L2(16_2),[26,2])
 ItkStmtListLt(L0(16_0),[27,2])
 ItkStmtListRt(L0(16_0),[27,2])
 ItkOpenScopeRt(L1(16_1))
 ItkDeclScopeRt(L1(16_1))
 ItkModuleRt(L2(16_2),[11,0])
 ItkRightEnd()
 ItkBOF()
     0
