 ItkEOF()
 ItkRightEnd()
 ItkModuleLtPatch(C4,L2(16_2),[1,0])
 ItkModuleBeginPatch(C1362,L2(16_2),[31,2])
 ItkModuleRt(L2(16_2),[1,0])
 ItkDeclScopeRt(L1(16_1))
 ItkOpenScopeRt(L1(16_1))
 ItkStmtListRt(L0(16_0),[32,2])
 ItkStmtListLt(L0(16_0),[32,2])
 ItkOpenDeclListLtPatch(C10,L19(16_13),[5,2])
 ItkOpenDeclListRt(L19(16_13),[5,2])
 ItkSkipLtPatch(C1326,L1(16_1))
 ItkSkipRt(L1(16_1))
 ItkIdRefAtom(Id19"Q",[29,12])
 ItkConstDeclValue([29,10])
 ItkDeclTypeAbsent([29,10])
 ItkConstDeclType([29,10])
 ItkOpenDeclListSep(L19(16_13),[5,2])
 ItkConstDeclLtPatch(C1265,[27,8])
 ItkConstDeclRt([27,8])
 ItkUnaryOpLtPatch(C1292,L110(16_6e),[27,12])
 ItkUnaryOpRt(L110(16_6e),[27,12])
 ItkIdRefAtom(Id18"P",[27,14])
 ItkConstDeclValue([27,10])
 ItkDeclTypeAbsent([27,10])
 ItkConstDeclType([27,10])
 ItkDeclId(L9(16_9),Id21"S",L-9223372036854775808(16_8000000000000000),[27,8])
 ItkOpenDeclListSep(L18(16_12),[5,2])
 ItkConstDeclLtPatch(C1204,[26,8])
 ItkConstDeclRt([26,8])
 ItkUnaryOpLtPatch(C1231,L109(16_6d),[26,12])
 ItkUnaryOpRt(L109(16_6d),[26,12])
 ItkIdRefAtom(Id17"O",[26,14])
 ItkConstDeclValue([26,10])
 ItkDeclTypeAbsent([26,10])
 ItkConstDeclType([26,10])
 ItkDeclId(L9(16_9),Id20"R",L-9223372036854775808(16_8000000000000000),[26,8])
 ItkOpenDeclListSep(L17(16_11),[5,2])
 ItkConstDeclLtPatch(C1135,[24,8])
 ItkConstDeclRt([24,8])
 ItkBinaryOpLtPatch(C1162,L36(16_24),[24,12])
 ItkBinaryOpRt(L36(16_24),[24,12])
 ItkIdRefAtom(Id16"N",[24,18])
 ItkBinaryOpOperator(L36(16_24),[24,14])
 ItkIdRefAtom(Id15"M",[24,12])
 ItkConstDeclValue([24,10])
 ItkDeclTypeAbsent([24,10])
 ItkConstDeclType([24,10])
 ItkDeclId(L9(16_9),Id19"Q",L-9223372036854775808(16_8000000000000000),[24,8])
 ItkOpenDeclListSep(L16(16_10),[5,2])
 ItkConstDeclLtPatch(C1066,[23,8])
 ItkConstDeclRt([23,8])
 ItkBinaryOpLtPatch(C1093,L15(16_f),[23,12])
 ItkBinaryOpRt(L15(16_f),[23,12])
 ItkIdRefAtom(Id14"L",[23,18])
 ItkBinaryOpOperator(L15(16_f),[23,14])
 ItkIdRefAtom(Id13"K",[23,12])
 ItkConstDeclValue([23,10])
 ItkDeclTypeAbsent([23,10])
 ItkConstDeclType([23,10])
 ItkDeclId(L9(16_9),Id18"P",L-9223372036854775808(16_8000000000000000),[23,8])
 ItkOpenDeclListSep(L15(16_f),[5,2])
 ItkConstDeclLtPatch(C994,[22,8])
 ItkConstDeclRt([22,8])
 ItkBinaryOpLtPatch(C1021,L91(16_5b),[22,12])
 ItkBinaryOpRt(L91(16_5b),[22,12])
 ItkIdRefAtom(Id12"J",[22,16])
 ItkBinaryOpOperator(L91(16_5b),[22,14])
 ItkIdRefAtom(Id11"I",[22,12])
 ItkConstDeclValue([22,10])
 ItkDeclTypeAbsent([22,10])
 ItkConstDeclType([22,10])
 ItkDeclId(L9(16_9),Id17"O",L-9223372036854775808(16_8000000000000000),[22,8])
 ItkOpenDeclListSep(L14(16_e),[5,2])
 ItkConstDeclLtPatch(C922,[21,8])
 ItkConstDeclRt([21,8])
 ItkBinaryOpLtPatch(C949,L90(16_5a),[21,12])
 ItkBinaryOpRt(L90(16_5a),[21,12])
 ItkIdRefAtom(Id10"H",[21,16])
 ItkBinaryOpOperator(L90(16_5a),[21,14])
 ItkIdRefAtom(Id9"G",[21,12])
 ItkConstDeclValue([21,10])
 ItkDeclTypeAbsent([21,10])
 ItkConstDeclType([21,10])
 ItkDeclId(L9(16_9),Id16"N",L-9223372036854775808(16_8000000000000000),[21,8])
 ItkOpenDeclListSep(L13(16_d),[5,2])
 ItkConstDeclLtPatch(C850,[19,8])
 ItkConstDeclRt([19,8])
 ItkBinaryOpLtPatch(C877,L89(16_59),[19,12])
 ItkBinaryOpRt(L89(16_59),[19,12])
 ItkIdRefAtom(Id8"F",[19,16])
 ItkBinaryOpOperator(L89(16_59),[19,14])
 ItkIdRefAtom(Id7"E",[19,12])
 ItkConstDeclValue([19,10])
 ItkDeclTypeAbsent([19,10])
 ItkConstDeclType([19,10])
 ItkDeclId(L9(16_9),Id15"M",L-9223372036854775808(16_8000000000000000),[19,8])
 ItkOpenDeclListSep(L12(16_c),[5,2])
 ItkConstDeclLtPatch(C778,[18,8])
 ItkConstDeclRt([18,8])
 ItkBinaryOpLtPatch(C805,L88(16_58),[18,12])
 ItkBinaryOpRt(L88(16_58),[18,12])
 ItkIdRefAtom(Id6"D",[18,16])
 ItkBinaryOpOperator(L88(16_58),[18,14])
 ItkIdRefAtom(Id5"C",[18,12])
 ItkConstDeclValue([18,10])
 ItkDeclTypeAbsent([18,10])
 ItkConstDeclType([18,10])
 ItkDeclId(L9(16_9),Id14"L",L-9223372036854775808(16_8000000000000000),[18,8])
 ItkOpenDeclListSep(L11(16_b),[5,2])
 ItkConstDeclLtPatch(C706,[17,8])
 ItkConstDeclRt([17,8])
 ItkBinaryOpLtPatch(C733,L87(16_57),[17,12])
 ItkBinaryOpRt(L87(16_57),[17,12])
 ItkIdRefAtom(Id4"B",[17,16])
 ItkBinaryOpOperator(L87(16_57),[17,14])
 ItkIdRefAtom(Id3"A",[17,12])
 ItkConstDeclValue([17,10])
 ItkDeclTypeAbsent([17,10])
 ItkConstDeclType([17,10])
 ItkDeclId(L9(16_9),Id13"K",L-9223372036854775808(16_8000000000000000),[17,8])
 ItkOpenDeclListSep(L10(16_a),[5,2])
 ItkConstDeclLtPatch(C637,[15,8])
 ItkConstDeclRt([15,8])
 ItkBinaryOpLtPatch(C664,L31(16_1f),[15,12])
 ItkBinaryOpRt(L31(16_1f),[15,12])
 ItkIdRefAtom(Id2"T",[15,17])
 ItkBinaryOpOperator(L31(16_1f),[15,14])
 ItkIdRefAtom(Id21"S",[15,12])
 ItkConstDeclValue([15,10])
 ItkDeclTypeAbsent([15,10])
 ItkConstDeclType([15,10])
 ItkDeclId(L9(16_9),Id12"J",L-9223372036854775808(16_8000000000000000),[15,8])
 ItkOpenDeclListSep(L9(16_9),[5,2])
 ItkConstDeclLtPatch(C565,[14,8])
 ItkConstDeclRt([14,8])
 ItkBinaryOpLtPatch(C592,L86(16_56),[14,12])
 ItkBinaryOpRt(L86(16_56),[14,12])
 ItkIdRefAtom(Id20"R",[14,17])
 ItkBinaryOpOperator(L86(16_56),[14,14])
 ItkIdRefAtom(Id19"Q",[14,12])
 ItkConstDeclValue([14,10])
 ItkDeclTypeAbsent([14,10])
 ItkConstDeclType([14,10])
 ItkDeclId(L9(16_9),Id11"I",L-9223372036854775808(16_8000000000000000),[14,8])
 ItkOpenDeclListSep(L8(16_8),[5,2])
 ItkConstDeclLtPatch(C493,[13,8])
 ItkConstDeclRt([13,8])
 ItkBinaryOpLtPatch(C520,L84(16_54),[13,12])
 ItkBinaryOpRt(L84(16_54),[13,12])
 ItkIdRefAtom(Id18"P",[13,16])
 ItkBinaryOpOperator(L84(16_54),[13,14])
 ItkIdRefAtom(Id17"O",[13,12])
 ItkConstDeclValue([13,10])
 ItkDeclTypeAbsent([13,10])
 ItkConstDeclType([13,10])
 ItkDeclId(L9(16_9),Id10"H",L-9223372036854775808(16_8000000000000000),[13,8])
 ItkOpenDeclListSep(L7(16_7),[5,2])
 ItkConstDeclLtPatch(C421,[12,8])
 ItkConstDeclRt([12,8])
 ItkBinaryOpLtPatch(C448,L85(16_55),[12,12])
 ItkBinaryOpRt(L85(16_55),[12,12])
 ItkIdRefAtom(Id16"N",[12,17])
 ItkBinaryOpOperator(L85(16_55),[12,14])
 ItkIdRefAtom(Id15"M",[12,12])
 ItkConstDeclValue([12,10])
 ItkDeclTypeAbsent([12,10])
 ItkConstDeclType([12,10])
 ItkDeclId(L9(16_9),Id9"G",L-9223372036854775808(16_8000000000000000),[12,8])
 ItkOpenDeclListSep(L6(16_6),[5,2])
 ItkConstDeclLtPatch(C349,[11,8])
 ItkConstDeclRt([11,8])
 ItkBinaryOpLtPatch(C376,L83(16_53),[11,12])
 ItkBinaryOpRt(L83(16_53),[11,12])
 ItkIdRefAtom(Id14"L",[11,16])
 ItkBinaryOpOperator(L83(16_53),[11,14])
 ItkIdRefAtom(Id13"K",[11,12])
 ItkConstDeclValue([11,10])
 ItkDeclTypeAbsent([11,10])
 ItkConstDeclType([11,10])
 ItkDeclId(L9(16_9),Id8"F",L-9223372036854775808(16_8000000000000000),[11,8])
 ItkOpenDeclListSep(L5(16_5),[5,2])
 ItkConstDeclLtPatch(C277,[10,8])
 ItkConstDeclRt([10,8])
 ItkBinaryOpLtPatch(C304,L82(16_52),[10,12])
 ItkBinaryOpRt(L82(16_52),[10,12])
 ItkIdRefAtom(Id12"J",[10,16])
 ItkBinaryOpOperator(L82(16_52),[10,14])
 ItkIdRefAtom(Id11"I",[10,12])
 ItkConstDeclValue([10,10])
 ItkDeclTypeAbsent([10,10])
 ItkConstDeclType([10,10])
 ItkDeclId(L9(16_9),Id7"E",L-9223372036854775808(16_8000000000000000),[10,8])
 ItkOpenDeclListSep(L4(16_4),[5,2])
 ItkConstDeclLtPatch(C205,[9,8])
 ItkConstDeclRt([9,8])
 ItkBinaryOpLtPatch(C232,L68(16_44),[9,12])
 ItkBinaryOpRt(L68(16_44),[9,12])
 ItkIdRefAtom(Id10"H",[9,16])
 ItkBinaryOpOperator(L68(16_44),[9,14])
 ItkIdRefAtom(Id9"G",[9,12])
 ItkConstDeclValue([9,10])
 ItkDeclTypeAbsent([9,10])
 ItkConstDeclType([9,10])
 ItkDeclId(L9(16_9),Id6"D",L-9223372036854775808(16_8000000000000000),[9,8])
 ItkOpenDeclListSep(L3(16_3),[5,2])
 ItkConstDeclLtPatch(C146,[7,8])
 ItkConstDeclRt([7,8])
 ItkUnaryOpLtPatch(C173,L38(16_26),[7,12])
 ItkUnaryOpRt(L38(16_26),[7,12])
 ItkIdRefAtom(Id8"F",[7,16])
 ItkConstDeclValue([7,10])
 ItkDeclTypeAbsent([7,10])
 ItkConstDeclType([7,10])
 ItkDeclId(L9(16_9),Id5"C",L-9223372036854775808(16_8000000000000000),[7,8])
 ItkOpenDeclListSep(L2(16_2),[5,2])
 ItkConstDeclLtPatch(C77,[6,8])
 ItkConstDeclRt([6,8])
 ItkBinaryOpLtPatch(C104,L5(16_5),[6,12])
 ItkBinaryOpRt(L5(16_5),[6,12])
 ItkIdRefAtom(Id7"E",[6,18])
 ItkBinaryOpOperator(L5(16_5),[6,14])
 ItkIdRefAtom(Id6"D",[6,12])
 ItkConstDeclValue([6,10])
 ItkDeclTypeAbsent([6,10])
 ItkConstDeclType([6,10])
 ItkDeclId(L9(16_9),Id4"B",L-9223372036854775808(16_8000000000000000),[6,8])
 ItkOpenDeclListSep(L1(16_1),[5,2])
 ItkConstDeclLtPatch(C10,[5,8])
 ItkConstDeclRt([5,8])
 ItkBinaryOpLtPatch(C37,L41(16_29),[5,12])
 ItkBinaryOpRt(L41(16_29),[5,12])
 ItkIdRefAtom(Id5"C",[5,17])
 ItkBinaryOpOperator(L41(16_29),[5,14])
 ItkIdRefAtom(Id4"B",[5,12])
 ItkConstDeclValue([5,10])
 ItkDeclTypeAbsent([5,10])
 ItkConstDeclType([5,10])
 ItkDeclId(L9(16_9),Id3"A",L-9223372036854775808(16_8000000000000000),[5,8])
 ItkOpenScopeLt(L1(16_1))
 ItkDeclScopeLt(L1(16_1))
 ItkLeftEnd()
 ItkBOF()
     0
