[32mFM3: [0mCompiling Main.m3...
[32mFM3: [0mPatch stack Main.m3.Patch peak size = 59.
[32mFM3: [0mUnnest stack Main.m3.Unnest peak size = 231.
[32mFM3: [0mParse pass output file Main.m3.ParsePass has 199 bytes.
[32mFM3: [0mFinished compiling Main.m3.
