 ItkEOF()
 ItkLeftEnd()
 ItkInterfaceLt(L4(16_4),[1,0])
 ItkBlockDeclListLt(L0(16_0),[8,2])
 ItkBlockDeclListRt(L0(16_0),[8,2])
 ItkInterfaceRt(L4(16_4),[1,0])
 ItkRightEnd()
 ItkBOF()
     0
