 ItkEOF()
 ItkLeftEnd()
 ItkInterfaceLt(L6(16_6),[1,0])
 ItkDeclScopeLt(L1(16_1))
 ItkOpenScopeLt(L1(16_1))
 ItkOpenDeclListLt(L0(16_0),[10,2])
 ItkOpenDeclListRt(L0(16_0),[10,2])
 ItkOpenScopeRt(L1(16_1))
 ItkDeclScopeRt(L1(16_1))
 ItkInterfaceRt(L6(16_6),[1,0])
 ItkRightEnd()
 ItkBOF()
     0
