 ItkEOF()
 ItkRightEnd()
 ItkInterfaceLtPatch(C4,L3(16_3),[1,0])
 ItkInterfaceRt(L3(16_3),[1,0])
 ItkDeclScopeRt(L1(16_1))
 ItkOpenScopeRt(L1(16_1))
 ItkOpenDeclListLtPatch(C10,L2(16_2),[3,2])
 ItkOpenDeclListRt(L2(16_2),[3,2])
 ItkConstDeclLtPatch(C58,[4,8])
 ItkConstDeclRt([4,8])
 ItkLiteral(96 StkIntLit,(16_4),[4,13])
 ItkConstDeclValue([4,11])
 ItkDeclTypeAbsent([4,11])
 ItkConstDeclType([4,11])
 ItkDeclId(L9(16_9),Id3"I2",L-9223372036854775808(16_8000000000000000),[4,8])
 ItkOpenDeclListSep(L1(16_1),[3,2])
 ItkConstDeclLtPatch(C10,[3,8])
 ItkConstDeclRt([3,8])
 ItkLiteral(96 StkIntLit,(16_17),[3,13])
 ItkConstDeclValue([3,11])
 ItkDeclTypeAbsent([3,11])
 ItkConstDeclType([3,11])
 ItkDeclId(L9(16_9),Id2"I1",L-9223372036854775808(16_8000000000000000),[3,8])
 ItkOpenScopeLt(L1(16_1))
 ItkDeclScopeLt(L1(16_1))
 ItkLeftEnd()
 ItkBOF()
     0
