[31mERROR: [0mMain.m3[1,20] Unable to locate exported source file MMff.i3
       Search directories for source files are:
       "."
[31mERROR: [0mMain.m3[1,27] Unable to locate exported source file Grbl.i3
