 ItkEOF()
 ItkRightEnd()
 ItkModuleLtPatch(C4,L1(16_1),[9,0])
 ItkModuleBeginPatch(C45,L1(16_1),[17,2])
 ItkModuleRt(L1(16_1),[9,0])
 ItkDeclScopeRt(L1(16_1))
 ItkLookupScopeRt(L1(16_1))
 ItkStmtListLt(L0(16_0),[18,2])
 ItkStmtListRt(L0(16_0),[18,2])
 ItkBlockDeclListLtPatch(C10,L0(16_0),[15,2])
 ItkBlockDeclListRt(L0(16_0),[15,2])
 ItkSkipLtPatch(C10,L1(16_1))
 ItkSkipRt(L1(16_1))
 ItkReservedId(Rid"CHAR",[15,13])
 ItkVarDeclIdListLtPatch(C10,L0(16_0),[15,6])
 ItkVarDeclIdListRt(L0(16_0),[15,6])
 ItkLookupScopeLt(L1(16_1))
 ItkDeclScopeLt(L1(16_1))
 ItkLeftEnd()
 ItkBOF()
     0
